{
    "tractoflow - no rev": {
        "content": [
            "test_dwi_resampled.nii.gz",
            "test__dwi_eddy_corrected.bval:md5,7995daabbd74fcf7c365a39a779f67e9",
            "test__dwi_eddy_corrected.bvec:md5,b3d6f6e2ec5c7cecad2207e5ea53fd79",
            "test__t1_warped.nii.gz",
            "test__mask_wm.nii.gz",
            "test__mask_gm.nii.gz",
            "test__mask_csf.nii.gz",
            "test__map_wm.nii.gz",
            "test__map_gm.nii.gz",
            "test__map_csf.nii.gz",
            "test__output1Warp.nii.gz",
            "test__output0GenericAffine.mat",
            "test__output0GenericAffine.mat",
            "test__output1InverseWarp.nii.gz",
            "test_t1_cropped.nii.gz",
            "test__tensor.nii.gz",
            "test__md.nii.gz",
            "test__rd.nii.gz",
            "test__ad.nii.gz",
            "test__fa.nii.gz",
            "test__rgb.nii.gz",
            "test__evecs_v1.nii.gz",
            "test__evecs.nii.gz",
            "test__evals.nii.gz",
            "test__residual.nii.gz",
            "test__ga.nii.gz",
            "test__mode.nii.gz",
            "test__norm.nii.gz",
            "test__frf.txt",
            "test__fodf.nii.gz",
            "test__peaks.nii.gz",
            "test__afd_max.nii.gz",
            "test__afd_total.nii.gz",
            "test__afd_sum.nii.gz",
            "test__nufo.nii.gz",
            "test__pft_tracking.trk",
            "test__pft_tracking_config.json",
            "test__map_include.nii.gz",
            "test__map_exclude.nii.gz",
            "test__pft_seeding_mask.nii.gz",
            "test__local_tracking.trk",
            "test__local_tracking_config.json",
            "test__local_seeding_mask.nii.gz",
            "test__local_tracking_mask.nii.gz",
            "test__nonphysical.nii.gz",
            "test__pulsation_std_dwi.nii.gz",
            "test__pulsation_std_b0.nii.gz",
            "test__residual_residuals_stats.png",
            [
                "versions.yml:md5,29eb4791c0e509ddbfa054f7d864e119",
                "versions.yml:md5,329641acd94a1eb6e65ef73b738b9165",
                "versions.yml:md5,4a7c801d46bade11523003b6bd06f8ed",
                "versions.yml:md5,647b63809e635c82552cf53178bf73be",
                "versions.yml:md5,9e058d5e2eaf4cf239570ca80d20207f",
                "versions.yml:md5,aaab00d1fa7d070cc7ee67fd768416b8",
                "versions.yml:md5,da10c87dbb2ad07aa8bbf89a0c172a60",
                "versions.yml:md5,e092829f98d53bda1802d1cda0cb017f",
                "versions.yml:md5,fc6a2d3923b6ecd60b833ce5f09f8877"
            ]
        ],
        "meta": {
            "nf-test": "0.9.0",
            "nextflow": "24.10.4"
        },
        "timestamp": "2025-02-06T03:39:50.463608725"
    }
}