{
    "preproc - normalize - dti shells": {
        "content": [
            {
                "0": [
                    [
                        {
                            "id": "test",
                            "single_end": false
                        },
                        "test__dwi_normalized.nii.gz:md5,0d1ec91a9fdac4448bd7690fbf93a960"
                    ]
                ],
                "1": [
                    [
                        {
                            "id": "test",
                            "single_end": false
                        },
                        "test_fa_wm_mask.nii.gz:md5,9056862830ea449d4c4cf01752b51944"
                    ]
                ],
                "2": [
                    "versions.yml:md5,de4076b60c7dbf985efd96d5e6dc3faf"
                ],
                "dwi": [
                    [
                        {
                            "id": "test",
                            "single_end": false
                        },
                        "test__dwi_normalized.nii.gz:md5,0d1ec91a9fdac4448bd7690fbf93a960"
                    ]
                ],
                "mask": [
                    [
                        {
                            "id": "test",
                            "single_end": false
                        },
                        "test_fa_wm_mask.nii.gz:md5,9056862830ea449d4c4cf01752b51944"
                    ]
                ],
                "versions": [
                    "versions.yml:md5,de4076b60c7dbf985efd96d5e6dc3faf"
                ]
            }
        ],
        "meta": {
            "nf-test": "0.8.4",
            "nextflow": "23.10.1"
        },
        "timestamp": "2024-05-12T02:10:28.526169"
    },
    "preproc - normalize": {
        "content": [
            {
                "0": [
                    [
                        {
                            "id": "test",
                            "single_end": false
                        },
                        "test__dwi_normalized.nii.gz:md5,0644f1faa8ecc7890747439800f7a616"
                    ]
                ],
                "1": [
                    [
                        {
                            "id": "test",
                            "single_end": false
                        },
                        "test_fa_wm_mask.nii.gz:md5,2b5c00d69e49c77bfec11f4cc1da2b8e"
                    ]
                ],
                "2": [
                    "versions.yml:md5,de4076b60c7dbf985efd96d5e6dc3faf"
                ],
                "dwi": [
                    [
                        {
                            "id": "test",
                            "single_end": false
                        },
                        "test__dwi_normalized.nii.gz:md5,0644f1faa8ecc7890747439800f7a616"
                    ]
                ],
                "mask": [
                    [
                        {
                            "id": "test",
                            "single_end": false
                        },
                        "test_fa_wm_mask.nii.gz:md5,2b5c00d69e49c77bfec11f4cc1da2b8e"
                    ]
                ],
                "versions": [
                    "versions.yml:md5,de4076b60c7dbf985efd96d5e6dc3faf"
                ]
            }
        ],
        "meta": {
            "nf-test": "0.8.4",
            "nextflow": "23.10.1"
        },
        "timestamp": "2024-05-12T02:10:08.116591"
    }
}