{
    "reconst - fodf_msmt": {
        "content": [
            "test__fodf.nii.gz",
            "test__wm_fodf.nii.gz",
            "test__gm_fodf.nii.gz",
            "test__csf_fodf.nii.gz",
            "test__vf.nii.gz",
            "test__vf_rgb.nii.gz",
            "test__peaks.nii.gz",
            "test__peak_values.nii.gz",
            "test__peak_indices.nii.gz",
            "test__afd_max.nii.gz",
            "test__afd_total.nii.gz",
            "test__afd_sum.nii.gz",
            "test__nufo.nii.gz",
            [
                [
                    {
                        "id": "test"
                    },
                    "test__ventricles_mask.nii.gz:md5,848409863defb87ed4e29e8e50e5dbc8"
                ]
            ],
            [
                "versions.yml:md5,f80e57f2c24a4a1fd403de1d132ec6e7"
            ]
        ],
        "meta": {
            "nf-test": "0.9.0",
            "nextflow": "24.04.4"
        },
        "timestamp": "2024-11-12T20:01:53.02243736"
    },
    "reconst - fodf": {
        "content": [
            "test__fodf.nii.gz:md5:header,f3c67b648a14b8d66f776cb1a9eb4a59,data,0a96b14bb47bb45c37f59263fe2afb0e",
            "test__peaks.nii.gz",
            "test__peak_values.nii.gz:md5:header,f55799c7ffe93b1148a313f0aade0f5f,data,7e233cedc0ee283661827bdd74f0487a",
            "test__peak_indices.nii.gz",
            [
                [
                    {
                        "id": "test"
                    },
                    "test__afd_max.nii.gz:md5,c3852145d531399374e961bd1c0ee3f6"
                ]
            ],
            [
                [
                    {
                        "id": "test"
                    },
                    "test__afd_total.nii.gz:md5,bbdaf17c5c2fa76991c72ed59ca6961b"
                ]
            ],
            "test__afd_sum.nii.gz:md5:header,c9e720b9a8acfe45a617e6486ebb8de0,data,43434d4570ffb0582e00405a49015929",
            [
                [
                    {
                        "id": "test"
                    },
                    "test__nufo.nii.gz:md5,830e269e3c49d0c58f8556bab264c249"
                ]
            ],
            [
                "versions.yml:md5,f80e57f2c24a4a1fd403de1d132ec6e7"
            ]
        ],
        "meta": {
            "nf-test": "0.9.0",
            "nextflow": "24.04.4"
        },
        "timestamp": "2024-11-18T16:12:56.211434796"
    },
    "reconst - fodf_no_metrics": {
        "content": [
            "test__fodf.nii.gz:md5:header,f3c67b648a14b8d66f776cb1a9eb4a59,data,0a96b14bb47bb45c37f59263fe2afb0e",
            [
                "versions.yml:md5,f80e57f2c24a4a1fd403de1d132ec6e7"
            ]
        ],
        "meta": {
            "nf-test": "0.9.0",
            "nextflow": "24.04.4"
        },
        "timestamp": "2024-11-18T16:14:51.395786266"
    },
    "reconst - fodf_with_shells": {
        "content": [
            "test__fodf.nii.gz:md5:header,f3c67b648a14b8d66f776cb1a9eb4a59,data,4bb09d0b3bb0acad56d82083404ff353",
            "test__peaks.nii.gz",
            "test__peak_values.nii.gz:md5:header,f55799c7ffe93b1148a313f0aade0f5f,data,45554369edd640abd2a92b55324c4087",
            "test__peak_indices.nii.gz",
            [
                [
                    {
                        "id": "test"
                    },
                    "test__afd_max.nii.gz:md5,9afadd7cdfc05792303d39ec51c5970b"
                ]
            ],
            [
                [
                    {
                        "id": "test"
                    },
                    "test__afd_total.nii.gz:md5,6a4602c474ac3fb59af4003bb32c66d9"
                ]
            ],
            "test__afd_sum.nii.gz:md5:header,c9e720b9a8acfe45a617e6486ebb8de0,data,3ae12eebe0c67c89b3f63653691544e8",
            [
                [
                    {
                        "id": "test"
                    },
                    "test__nufo.nii.gz:md5,dc98763318fbbe2368a4da919829ea3b"
                ]
            ],
            [
                "versions.yml:md5,f80e57f2c24a4a1fd403de1d132ec6e7"
            ]
        ],
        "meta": {
            "nf-test": "0.9.0",
            "nextflow": "24.04.4"
        },
        "timestamp": "2024-11-18T20:38:22.999203708"
    }
}