{
    "topup_eddy_rev_b0": {
        "content": [
            [
                [
                    {
                        "id": "test",
                        "single_end": false
                    },
                    "test__b0_bet_mask.nii.gz:md5,e2dbfb831f6dd08b6fa79935e34dcb9c"
                ]
            ],
            [
                [
                    {
                        "id": "test",
                        "single_end": false
                    },
                    "test__dwi_eddy_corrected.bval:md5,8192e97b08e8032382397bb844b31892"
                ]
            ],
            [
                "versions.yml:md5,dc9478b4d3cb93d93799e493aefe5220",
                "versions.yml:md5,e691244d855638e0afdfec0fc414e8f2"
            ],
            "test__dwi_corrected.nii.gz",
            "test__dwi_eddy_corrected.bvec",
            "test_b0.nii.gz"
        ],
        "meta": {
            "nf-test": "0.9.0",
            "nextflow": "24.04.4"
        },
        "timestamp": "2024-11-21T19:54:35.725305187"
    },
    "eddy": {
        "content": [
            [
                [
                    {
                        "id": "test",
                        "single_end": false
                    },
                    "test__b0_bet_mask.nii.gz:md5,e2dbfb831f6dd08b6fa79935e34dcb9c"
                ]
            ],
            [
                [
                    {
                        "id": "test",
                        "single_end": false
                    },
                    "test__dwi_eddy_corrected.bval:md5,8192e97b08e8032382397bb844b31892"
                ]
            ],
            [
                "versions.yml:md5,dc9478b4d3cb93d93799e493aefe5220",
                "versions.yml:md5,e691244d855638e0afdfec0fc414e8f2"
            ],
            "test__dwi_corrected.nii.gz",
            "test__dwi_eddy_corrected.bvec",
            "test_b0.nii.gz"
        ],
        "meta": {
            "nf-test": "0.9.0",
            "nextflow": "24.04.4"
        },
        "timestamp": "2024-11-21T19:53:55.622921023"
    },
    "topup_eddy_rev_dwi": {
        "content": [
            [
                [
                    {
                        "id": "test",
                        "single_end": false
                    },
                    "test__b0_bet_mask.nii.gz:md5,e2dbfb831f6dd08b6fa79935e34dcb9c"
                ]
            ],
            [
                [
                    {
                        "id": "test",
                        "single_end": false
                    },
                    "test__dwi_eddy_corrected.bval:md5,8192e97b08e8032382397bb844b31892"
                ]
            ],
            [
                "versions.yml:md5,dc9478b4d3cb93d93799e493aefe5220",
                "versions.yml:md5,e691244d855638e0afdfec0fc414e8f2"
            ],
            "test__dwi_corrected.nii.gz",
            "test__dwi_eddy_corrected.bvec",
            "test_b0.nii.gz"
        ],
        "meta": {
            "nf-test": "0.9.0",
            "nextflow": "24.04.4"
        },
        "timestamp": "2024-11-21T19:55:16.528853211"
    }
}