{
    "denoising - nlmeans": {
        "content": [
            {
                "0": [
                    [
                        {
                            "id": "test"
                        },
                        "test__denoised.nii.gz:md5,4f679ca8c49a82ad566a814a819c6117"
                    ]
                ],
                "1": [
                    "versions.yml:md5,9336a0abe0f0c988b89f895943b0a153"
                ],
                "image": [
                    [
                        {
                            "id": "test"
                        },
                        "test__denoised.nii.gz:md5,4f679ca8c49a82ad566a814a819c6117"
                    ]
                ],
                "versions": [
                    "versions.yml:md5,9336a0abe0f0c988b89f895943b0a153"
                ]
            }
        ],
        "meta": {
            "nf-test": "0.9.0",
            "nextflow": "24.10.0"
        },
        "timestamp": "2024-11-05T18:28:29.498709866"
    }
}